../X-CUBE-AI/App/aiTestUtility.h:152:20:_mon_alloc_reset	8	static
../X-CUBE-AI/App/aiValidation.c:885:6:aiPbCmdSysInfo	48	static
../X-CUBE-AI/App/aiValidation.c:738:36:aiExecCtx	24	static
../X-CUBE-AI/App/aiValidation.c:245:13:encode_mempool_to_tensor_desc	16	static
../X-CUBE-AI/App/aiValidation.c:203:13:fill_tensor_desc_msg	24	static
../X-CUBE-AI/App/aiValidation.c:235:13:encode_ai_buffer_to_tensor_desc	24	static
../X-CUBE-AI/App/aiTestUtility.h:357:22:cyclesCounterStart	8	static
../X-CUBE-AI/App/aiTestUtility.h:374:26:cyclesCounterEnd	16	static
../X-CUBE-AI/App/aiValidation.c:148:15:_get_buffer_size	16	static
../X-CUBE-AI/App/aiValidation.c:426:13:send_ai_io_tensor.isra	72	static
../X-CUBE-AI/App/aiValidation.c:549:15:aiOnExecNode_cb	120	static
../X-CUBE-AI/App/aiValidation.c:916:6:aiPbCmdNNInfo	160	static
../X-CUBE-AI/App/aiValidation.c:477:6:_print_debug	20	static
../X-CUBE-AI/App/aiValidation.c:956:6:aiPbCmdNNRun	176	static,ignoring_inline_asm
../X-CUBE-AI/App/aiValidation.c:1102:5:aiValidationInit	32	static
../X-CUBE-AI/App/aiValidation.c:1115:5:aiValidationProcess	32	static
../X-CUBE-AI/App/aiValidation.c:1149:6:aiValidationDeInit	8	static
